Cannot build tensorflow on arm with the latest bazel. _pywrap_tensorflow_internal.so: undefined symbol: _ZN10tensorflow9ConcatCPUINS_8bfloat16EEEvPNS_10DeviceBaseERKSt6vectorISt10unique_ptrINS_6TTypesIT_Li2EiE11ConstMatrixESt14default_deleteIS9_EESaISC_EEPNS8_6MatrixE

The system:
Have I written custom code

No

OS Platform and Distribution

Ubuntu 18.04 LTS on odroid ux4
OS image is here https://wiki.odroid.com/odroid-xu4/os_images/linux/ubuntu_4.14/20180501
kernel 4.14
arm-linux-gnueabihf

TensorFlow installed from

git https://github.com/tensorflow

TensorFlow version

v1.8.0

Bazel version

bazel release 0.13.0
bazel release 0.11.0

CUDA/cuDNN version

No

GPU model and memory

Mali no Cuda

Using built-in specs.
COLLECT_GCC=gcc
COLLECT_LTO_WRAPPER=/usr/lib/gcc/arm-linux-gnueabihf/7/lto-wrapper
gcc version 7.3.0 (Ubuntu/Linaro 7.3.0-16ubuntu3)
**the same issue with gcc 4.8 and 5.5 **
Exact command to reproduce
build -c opt --local_resources 2024,8,1.0  --copt="-mcpu=cortex-a15" --copt="-Ofast"   tensorflow/tools/pip_package:build_pip_package  --action_env="LD_LIBRARY_PATH=${LD_LIBRARY_PATH}" --verbose_failures
ERROR: /home/jora/frameworks/tensorflow/tensorflow/tools/api/generator/BUILD:27:1: Executing genrule //tensorflow/tools/api/generator:python_api_gen failed (Exit 1): bash failed: error executing command
  (cd /home/jora/.cache/bazel/_bazel_jora/7dfd049478ee24381bd18645ae9bd0df/execroot/org_tensorflow && \
  exec env - \
    LD_LIBRARY_PATH='' \
    PATH=/home/jora/.local/bin:/usr/local/sbin:/usr/local/bin:/usr/sbin:/usr/bin:/sbin:/bin:/usr/games:/usr/local/games:/snap/bin:/usr/lib/jvm/java-8-oracle/bin:/usr/lib/jvm/java-8-oracle/db/bin:/usr/lib/jvm/java-8-oracle/jre/bin \
    PYTHON_BIN_PATH=/usr/bin/python3 \
    PYTHON_LIB_PATH=/usr/lib/python3/dist-packages \
    TF_DOWNLOAD_CLANG=0 \
    TF_NEED_CUDA=0 \
    TF_NEED_OPENCL_SYCL=0 \
  /bin/bash -c 'source external/bazel_tools/tools/genrule/genrule-setup.sh; bazel-out/host/bin/tensorflow/tools/api/generator/create_python_api bazel-out/arm-py3-opt/genfiles/tensorflow/tools/api/generator/api/__init__.py bazel-out/arm-py3-opt/genfiles/tensorflow/tools/api/generator/api/app/__init__.py bazel-out/arm-py3-opt/genfiles/tensorflow/tools/api/generator/api/bitwise/__init__.py bazel-out/arm-py3-opt/genfiles/tensorflow/tools/api/generator/api/compat/__init__.py bazel-out/arm-py3-opt/genfiles/tensorflow/tools/api/generator/api/contrib/__init__.py bazel-out/arm-py3-opt/genfiles/tensorflow/tools/api/generator/api/contrib/stat_summarizer/__init__.py bazel-out/arm-py3-opt/genfiles/tensorflow/tools/api/generator/api/data/__init__.py bazel-out/arm-py3-opt/genfiles/tensorflow/tools/api/generator/api/distributions/__init__.py bazel-out/arm-py3-opt/genfiles/tensorflow/tools/api/generator/api/distributions/bijectors/__init__.py bazel-out/arm-py3-opt/genfiles/tensorflow/tools/api/generator/api/errors/__init__.py bazel-out/arm-py3-opt/genfiles/tensorflow/tools/api/generator/api/estimator/__init__.py bazel-out/arm-py3-opt/genfiles/tensorflow/tools/api/generator/api/estimator/export/__init__.py bazel-out/arm-py3-opt/genfiles/tensorflow/tools/api/generator/api/estimator/inputs/__init__.py bazel-out/arm-py3-opt/genfiles/tensorflow/tools/api/generator/api/feature_column/__init__.py bazel-out/arm-py3-opt/genfiles/tensorflow/tools/api/generator/api/gfile/__init__.py bazel-out/arm-py3-opt/genfiles/tensorflow/tools/api/generator/api/graph_util/__init__.py bazel-out/arm-py3-opt/genfiles/tensorflow/tools/api/generator/api/image/__init__.py bazel-out/arm-py3-opt/genfiles/tensorflow/tools/api/generator/api/initializers/__init__.py bazel-out/arm-py3-opt/genfiles/tensorflow/tools/api/generator/api/keras/__init__.py bazel-out/arm-py3-opt/genfiles/tensorflow/tools/api/generator/api/keras/activations/__init__.py bazel-out/arm-py3-opt/genfiles/tensorflow/tools/api/generator/api/keras/applications/__init__.py bazel-out/arm-py3-opt/genfiles/tensorflow/tools/api/generator/api/keras/applications/densenet/__init__.py bazel-out/arm-py3-opt/genfiles/tensorflow/tools/api/generator/api/keras/applications/inception_resnet_v2/__init__.py bazel-out/arm-py3-opt/genfiles/tensorflow/tools/api/generator/api/keras/applications/inception_v3/__init__.py bazel-out/arm-py3-opt/genfiles/tensorflow/tools/api/generator/api/keras/applications/mobilenet/__init__.py bazel-out/arm-py3-opt/genfiles/tensorflow/tools/api/generator/api/keras/applications/nasnet/__init__.py bazel-out/arm-py3-opt/genfiles/tensorflow/tools/api/generator/api/keras/applications/resnet50/__init__.py bazel-out/arm-py3-opt/genfiles/tensorflow/tools/api/generator/api/keras/applications/vgg16/__init__.py bazel-out/arm-py3-opt/genfiles/tensorflow/tools/api/generator/api/keras/applications/vgg19/__init__.py bazel-out/arm-py3-opt/genfiles/tensorflow/tools/api/generator/api/keras/applications/xception/__init__.py bazel-out/arm-py3-opt/genfiles/tensorflow/tools/api/generator/api/keras/backend/__init__.py bazel-out/arm-py3-opt/genfiles/tensorflow/tools/api/generator/api/keras/callbacks/__init__.py bazel-out/arm-py3-opt/genfiles/tensorflow/tools/api/generator/api/keras/constraints/__init__.py bazel-out/arm-py3-opt/genfiles/tensorflow/tools/api/generator/api/keras/datasets/__init__.py bazel-out/arm-py3-opt/genfiles/tensorflow/tools/api/generator/api/keras/datasets/boston_housing/__init__.py bazel-out/arm-py3-opt/genfiles/tensorflow/tools/api/generator/api/keras/datasets/cifar10/__init__.py bazel-out/arm-py3-opt/genfiles/tensorflow/tools/api/generator/api/keras/datasets/cifar100/__init__.py bazel-out/arm-py3-opt/genfiles/tensorflow/tools/api/generator/api/keras/datasets/fashion_mnist/__init__.py bazel-out/arm-py3-opt/genfiles/tensorflow/tools/api/generator/api/keras/datasets/imdb/__init__.py bazel-out/arm-py3-opt/genfiles/tensorflow/tools/api/generator/api/keras/datasets/mnist/__init__.py bazel-out/arm-py3-opt/genfiles/tensorflow/tools/api/generator/api/keras/datasets/reuters/__init__.py bazel-out/arm-py3-opt/genfiles/tensorflow/tools/api/generator/api/keras/estimator/__init__.py bazel-out/arm-py3-opt/genfiles/tensorflow/tools/api/generator/api/keras/initializers/__init__.py bazel-out/arm-py3-opt/genfiles/tensorflow/tools/api/generator/api/keras/layers/__init__.py bazel-out/arm-py3-opt/genfiles/tensorflow/tools/api/generator/api/keras/losses/__init__.py bazel-out/arm-py3-opt/genfiles/tensorflow/tools/api/generator/api/keras/metrics/__init__.py bazel-out/arm-py3-opt/genfiles/tensorflow/tools/api/generator/api/keras/models/__init__.py bazel-out/arm-py3-opt/genfiles/tensorflow/tools/api/generator/api/keras/optimizers/__init__.py bazel-out/arm-py3-opt/genfiles/tensorflow/tools/api/generator/api/keras/preprocessing/__init__.py bazel-out/arm-py3-opt/genfiles/tensorflow/tools/api/generator/api/keras/preprocessing/image/__init__.py bazel-out/arm-py3-opt/genfiles/tensorflow/tools/api/generator/api/keras/preprocessing/sequence/__init__.py bazel-out/arm-py3-opt/genfiles/tensorflow/tools/api/generator/api/keras/preprocessing/text/__init__.py bazel-out/arm-py3-opt/genfiles/tensorflow/tools/api/generator/api/keras/regularizers/__init__.py bazel-out/arm-py3-opt/genfiles/tensorflow/tools/api/generator/api/keras/utils/__init__.py bazel-out/arm-py3-opt/genfiles/tensorflow/tools/api/generator/api/keras/wrappers/__init__.py bazel-out/arm-py3-opt/genfiles/tensorflow/tools/api/generator/api/keras/wrappers/scikit_learn/__init__.py bazel-out/arm-py3-opt/genfiles/tensorflow/tools/api/generator/api/layers/__init__.py bazel-out/arm-py3-opt/genfiles/tensorflow/tools/api/generator/api/linalg/__init__.py bazel-out/arm-py3-opt/genfiles/tensorflow/tools/api/generator/api/logging/__init__.py bazel-out/arm-py3-opt/genfiles/tensorflow/tools/api/generator/api/losses/__init__.py bazel-out/arm-py3-opt/genfiles/tensorflow/tools/api/generator/api/manip/__init__.py bazel-out/arm-py3-opt/genfiles/tensorflow/tools/api/generator/api/math/__init__.py bazel-out/arm-py3-opt/genfiles/tensorflow/tools/api/generator/api/metrics/__init__.py bazel-out/arm-py3-opt/genfiles/tensorflow/tools/api/generator/api/nn/__init__.py bazel-out/arm-py3-opt/genfiles/tensorflow/tools/api/generator/api/nn/rnn_cell/__init__.py bazel-out/arm-py3-opt/genfiles/tensorflow/tools/api/generator/api/profiler/__init__.py bazel-out/arm-py3-opt/genfiles/tensorflow/tools/api/generator/api/python_io/__init__.py bazel-out/arm-py3-opt/genfiles/tensorflow/tools/api/generator/api/resource_loader/__init__.py bazel-out/arm-py3-opt/genfiles/tensorflow/tools/api/generator/api/saved_model/__init__.py bazel-out/arm-py3-opt/genfiles/tensorflow/tools/api/generator/api/saved_model/builder/__init__.py bazel-out/arm-py3-opt/genfiles/tensorflow/tools/api/generator/api/saved_model/constants/__init__.py bazel-out/arm-py3-opt/genfiles/tensorflow/tools/api/generator/api/saved_model/loader/__init__.py bazel-out/arm-py3-opt/genfiles/tensorflow/tools/api/generator/api/saved_model/main_op/__init__.py bazel-out/arm-py3-opt/genfiles/tensorflow/tools/api/generator/api/saved_model/signature_constants/__init__.py bazel-out/arm-py3-opt/genfiles/tensorflow/tools/api/generator/api/saved_model/signature_def_utils/__init__.py bazel-out/arm-py3-opt/genfiles/tensorflow/tools/api/generator/api/saved_model/tag_constants/__init__.py bazel-out/arm-py3-opt/genfiles/tensorflow/tools/api/generator/api/saved_model/utils/__init__.py bazel-out/arm-py3-opt/genfiles/tensorflow/tools/api/generator/api/sets/__init__.py bazel-out/arm-py3-opt/genfiles/tensorflow/tools/api/generator/api/spectral/__init__.py bazel-out/arm-py3-opt/genfiles/tensorflow/tools/api/generator/api/summary/__init__.py bazel-out/arm-py3-opt/genfiles/tensorflow/tools/api/generator/api/sysconfig/__init__.py bazel-out/arm-py3-opt/genfiles/tensorflow/tools/api/generator/api/test/__init__.py bazel-out/arm-py3-opt/genfiles/tensorflow/tools/api/generator/api/train/__init__.py bazel-out/arm-py3-opt/genfiles/tensorflow/tools/api/generator/api/train/queue_runner/__init__.py bazel-out/arm-py3-opt/genfiles/tensorflow/tools/api/generator/api/user_ops/__init__.py')
Traceback (most recent call last):
  File "/home/jora/.cache/bazel/_bazel_jora/7dfd049478ee24381bd18645ae9bd0df/execroot/org_tensorflow/bazel-out/host/bin/tensorflow/tools/api/generator/create_python_api.runfiles/org_tensorflow/tensorflow/python/pywrap_tensorflow.py", line 58, in <module>
    from tensorflow.python.pywrap_tensorflow_internal import *
  File "/home/jora/.cache/bazel/_bazel_jora/7dfd049478ee24381bd18645ae9bd0df/execroot/org_tensorflow/bazel-out/host/bin/tensorflow/tools/api/generator/create_python_api.runfiles/org_tensorflow/tensorflow/python/pywrap_tensorflow_internal.py", line 28, in <module>
    _pywrap_tensorflow_internal = swig_import_helper()
  File "/home/jora/.cache/bazel/_bazel_jora/7dfd049478ee24381bd18645ae9bd0df/execroot/org_tensorflow/bazel-out/host/bin/tensorflow/tools/api/generator/create_python_api.runfiles/org_tensorflow/tensorflow/python/pywrap_tensorflow_internal.py", line 24, in swig_import_helper
    _mod = imp.load_module('_pywrap_tensorflow_internal', fp, pathname, description)
  File "/usr/lib/python3.6/imp.py", line 243, in load_module
    return load_dynamic(name, filename, file)
  File "/usr/lib/python3.6/imp.py", line 343, in load_dynamic
    return _load(spec)
ImportError: /home/jora/.cache/bazel/_bazel_jora/7dfd049478ee24381bd18645ae9bd0df/execroot/org_tensorflow/bazel-out/host/bin/tensorflow/tools/api/generator/create_python_api.runfiles/org_tensorflow/tensorflow/python/_pywrap_tensorflow_internal.so: undefined symbol: _ZN10tensorflow9ConcatCPUINS_8bfloat16EEEvPNS_10DeviceBaseERKSt6vectorISt10unique_ptrINS_6TTypesIT_Li2EiE11ConstMatrixESt14default_deleteIS9_EESaISC_EEPNS8_6MatrixE

During handling of the above exception, another exception occurred:

Traceback (most recent call last):
  File "/home/jora/.cache/bazel/_bazel_jora/7dfd049478ee24381bd18645ae9bd0df/execroot/org_tensorflow/bazel-out/host/bin/tensorflow/tools/api/generator/create_python_api.runfiles/org_tensorflow/tensorflow/tools/api/generator/create_python_api.py", line 26, in <module>
    from tensorflow.python.util import tf_decorator
  File "/home/jora/.cache/bazel/_bazel_jora/7dfd049478ee24381bd18645ae9bd0df/execroot/org_tensorflow/bazel-out/host/bin/tensorflow/tools/api/generator/create_python_api.runfiles/org_tensorflow/tensorflow/python/__init__.py", line 49, in <module>
    from tensorflow.python import pywrap_tensorflow
  File "/home/jora/.cache/bazel/_bazel_jora/7dfd049478ee24381bd18645ae9bd0df/execroot/org_tensorflow/bazel-out/host/bin/tensorflow/tools/api/generator/create_python_api.runfiles/org_tensorflow/tensorflow/python/pywrap_tensorflow.py", line 74, in <module>
    raise ImportError(msg)
ImportError: Traceback (most recent call last):
  File "/home/jora/.cache/bazel/_bazel_jora/7dfd049478ee24381bd18645ae9bd0df/execroot/org_tensorflow/bazel-out/host/bin/tensorflow/tools/api/generator/create_python_api.runfiles/org_tensorflow/tensorflow/python/pywrap_tensorflow.py", line 58, in <module>
    from tensorflow.python.pywrap_tensorflow_internal import *
  File "/home/jora/.cache/bazel/_bazel_jora/7dfd049478ee24381bd18645ae9bd0df/execroot/org_tensorflow/bazel-out/host/bin/tensorflow/tools/api/generator/create_python_api.runfiles/org_tensorflow/tensorflow/python/pywrap_tensorflow_internal.py", line 28, in <module>
    _pywrap_tensorflow_internal = swig_import_helper()
  File "/home/jora/.cache/bazel/_bazel_jora/7dfd049478ee24381bd18645ae9bd0df/execroot/org_tensorflow/bazel-out/host/bin/tensorflow/tools/api/generator/create_python_api.runfiles/org_tensorflow/tensorflow/python/pywrap_tensorflow_internal.py", line 24, in swig_import_helper
    _mod = imp.load_module('_pywrap_tensorflow_internal', fp, pathname, description)
  File "/usr/lib/python3.6/imp.py", line 243, in load_module
    return load_dynamic(name, filename, file)
  File "/usr/lib/python3.6/imp.py", line 343, in load_dynamic
    return _load(spec)
ImportError: /home/jora/.cache/bazel/_bazel_jora/7dfd049478ee24381bd18645ae9bd0df/execroot/org_tensorflow/bazel-out/host/bin/tensorflow/tools/api/generator/create_python_api.runfiles/org_tensorflow/tensorflow/python/_pywrap_tensorflow_internal.so: undefined symbol: _ZN10tensorflow9ConcatCPUINS_8bfloat16EEEvPNS_10DeviceBaseERKSt6vectorISt10unique_ptrINS_6TTypesIT_Li2EiE11ConstMatrixESt14default_deleteIS9_EESaISC_EEPNS8_6MatrixE


Failed to load the native TensorFlow runtime.

See https://www.tensorflow.org/install/install_sources#common_installation_problems

for some common reasons and solutions.  Include the entire stack trace
above this error message when asking for help.
Target //tensorflow/tools/pip_package:build_pip_package failed to build
INFO: Elapsed time: 8968.754s, Critical Path: 2194.12s
INFO: 3040 processes, local.
FAILED: Build did NOT complete successfully