source build fails: cannot find python bin due to empty environment

System information

Have I written custom code (as opposed to using a stock example script provided in TensorFlow): No
OS Platform and Distribution (e.g., Linux Ubuntu 16.04): Gentoo Linux
TensorFlow installed from (source or binary): source
TensorFlow version (use command below): master (commit 02dbe15)
Bazel version (if compiling from source):  0.4.5
CUDA/cuDNN version: No CUDA
GPU model and memory: No CUDA
Exact command to reproduce: ./configure && bazel build --config=opt //tensorflow/tools/pip_package:build_pip_package

Environment
Linux mace 4.8.17-hardened-r2 #2 SMP Thu Jun 1 15:39:15 CEST 2017 x86_64 Intel(R) Xeon(R) CPU E5-2407 v2 @ 2.40GHz GenuineIntel GNU/Linux

== are we in docker =============================================
No

== compiler =====================================================
c++ (Gentoo Hardened 4.9.4 p1.0, pie-0.6.4) 4.9.4
Copyright (C) 2015 Free Software Foundation, Inc.
This is free software; see the source for copying conditions.  There is NO
warranty; not even for MERCHANTABILITY or FITNESS FOR A PARTICULAR PURPOSE.


== uname -a =====================================================
Linux mace 4.8.17-hardened-r2 #2 SMP Thu Jun 1 15:39:15 CEST 2017 x86_64 Intel(R) Xeon(R) CPU E5-2407 v2 @ 2.40GHz GenuineIntel GNU/Linux

== check pips ===================================================
numpy (1.13.0)

== check for virtualenv =========================================
True

== tensorflow import ============================================
Traceback (most recent call last):
  File "/root/src/tensorflow_src/tensorflow/python/pywrap_tensorflow.py", line 41, in <module>
    from tensorflow.python.pywrap_tensorflow_internal import *
ImportError: No module named 'tensorflow.python.pywrap_tensorflow_internal'

During handling of the above exception, another exception occurred:

Traceback (most recent call last):
  File "<string>", line 1, in <module>
  File "/root/src/tensorflow_src/tensorflow/__init__.py", line 24, in <module>
    from tensorflow.python import *
  File "/root/src/tensorflow_src/tensorflow/python/__init__.py", line 49, in <module>
    from tensorflow.python import pywrap_tensorflow
  File "/root/src/tensorflow_src/tensorflow/python/pywrap_tensorflow.py", line 52, in <module>
    raise ImportError(msg)
ImportError: Traceback (most recent call last):
  File "/root/src/tensorflow_src/tensorflow/python/pywrap_tensorflow.py", line 41, in <module>
    from tensorflow.python.pywrap_tensorflow_internal import *
ImportError: No module named 'tensorflow.python.pywrap_tensorflow_internal'


Failed to load the native TensorFlow runtime.

See https://www.tensorflow.org/install/install_sources#common_installation_problems

for some common reasons and solutions.  Include the entire stack trace
above this error message when asking for help.

== env ==========================================================
LD_LIBRARY_PATH is unset
DYLD_LIBRARY_PATH is unset

== nvidia-smi ===================================================

== cuda libs  ===================================================

Describe the problem
I configured the source code (with MKL, no CUDA, nothing else enabled) and the bazel build fails 120s with
  (cd /root/.cache/bazel/_bazel_root/07ee3a30c05d85d959138fae6c764ebf/execroot/tensorflow_src && \
  exec env - \
  bazel-out/host/bin/tensorflow/tensorboard/scripts/execrooter bazel-out/local-py3-opt/bin/tensorflow/tensorboard/components/vz_sorting/vz_sorting-tsc-execroot.json): com.google.devtools.build.lib.shell.BadExitStatusException: Process exited with status 127.
python: unable to find executable in PATH.

While the command runs ok, when I omit running inside a clean environment env -. I am running inside a virtualenv. But also without a virtual env I am running into this problem:
/usr/bin/python
$ env - which python 
which: no python in ((null))